// Jest Snapshot v1, https://goo.gl/fbAQLP

exports[`Index test suite should render properly 1`] = `
<Provider>
  <ForwardRef(SafeAreaView)>
    <Component
      animationType="slide"
      hardwareAccelerated={false}
      visible={true}
    >
      <Main
        onPress={[Function]}
        onPressDetail={[Function]}
      />
    </Component>
  </ForwardRef(SafeAreaView)>
</Provider>
`;

exports[`Index test suite should render properly with custom action 1`] = `
<Provider>
  <ForwardRef(SafeAreaView)>
    <Component
      animationType="slide"
      hardwareAccelerated={false}
      visible={true}
    >
      <Main
        onPress={[Function]}
        onPressDetail={[Function]}
      />
    </Component>
  </ForwardRef(SafeAreaView)>
</Provider>
`;
