// Jest Snapshot v1, https://goo.gl/fbAQLP

exports[`Test MockRequestButton should render properly 1`] = `
<ForwardRef
  onPress={[MockFunction]}
  style={
    Object {
      "alignItems": "center",
      "borderLeftWidth": 0,
      "flexDirection": "row",
    }
  }
  testID="buttonMockRequest"
>
  <Icon
    allowFontScaling={false}
    color="#06B6D4"
    name="clipboard-arrow-left-outline"
    size={14}
  />
  <Text
    style={
      Array [
        Object {
          "color": "#06B6D4",
          "marginLeft": 6,
        },
      ]
    }
  >
    Mock Request
  </Text>
</ForwardRef>
`;
