// Jest Snapshot v1, https://goo.gl/fbAQLP

exports[`Status test suite should execute props.onPressViewMore 1`] = `
<View
  style={
    Object {
      "flex": 1,
      "width": "100%",
    }
  }
>
  <View
    style={
      Array [
        Object {
          "alignItems": "center",
          "flexDirection": "row",
          "marginBottom": 10,
          "paddingHorizontal": 16,
        },
      ]
    }
  >
    <Title
      style={
        Array [
          Object {
            "marginRight": 6,
          },
          Object {
            "color": "#F9FAFB",
          },
        ]
      }
    >
      REDUX
    </Title>
    <View
      style={
        Array [
          Object {
            "borderRadius": 4,
            "fontSize": 12,
            "height": 22,
            "justifyContent": "center",
            "width": 30,
          },
          Object {
            "backgroundColor": "#764ABC",
          },
          Object {
            "paddingHorizontal": 8,
          },
        ]
      }
      testID="statusCodeColor"
    >
      <Icon
        color="#F9FAFB"
        name="redux"
        size={12}
      />
    </View>
  </View>
  <View
    style={
      Array [
        Object {
          "alignItems": "center",
          "flexDirection": "row",
          "marginBottom": 10,
          "paddingHorizontal": 16,
        },
      ]
    }
  >
    <Text
      style={
        Object {
          "color": "#6B7280",
        }
      }
    >
      Started at : 
    </Text>
    <Text>
      01/01/1970 - 00:00:00
    </Text>
  </View>
  <Subheading
    style={
      Array [
        Object {
          "marginBottom": 10,
          "paddingHorizontal": 16,
          "paddingVertical": 8,
        },
        Object {
          "backgroundColor": "#374151",
          "color": "#F9FAFB",
        },
      ]
    }
  >
    Content
  </Subheading>
  <View
    style={
      Array [
        Object {
          "alignItems": "center",
          "flexDirection": "row",
          "marginBottom": 10,
          "paddingHorizontal": 16,
        },
      ]
    }
  >
    <Text
      style={
        Object {
          "color": "#6B7280",
        }
      }
    >
      Type
    </Text>
  </View>
  <View
    style={
      Array [
        Object {
          "alignItems": "center",
          "flexDirection": "row",
          "marginBottom": 10,
          "paddingHorizontal": 16,
        },
      ]
    }
  >
    <Text>
      __ERROR:UNDEFINED__
    </Text>
  </View>
  <View
    style={
      Array [
        Object {
          "alignItems": "center",
          "flexDirection": "row",
          "marginBottom": 10,
          "paddingHorizontal": 16,
        },
      ]
    }
  >
    <Text
      style={
        Object {
          "color": "#6B7280",
        }
      }
    >
      __ERROR:UNDEFINED__ :
    </Text>
  </View>
  <View
    style={
      Array [
        Object {
          "alignItems": "center",
          "flexDirection": "row",
          "marginBottom": 10,
          "paddingHorizontal": 16,
        },
      ]
    }
  >
    <View
      style={
        Array [
          Object {
            "justifyContent": "flex-start",
            "paddingHorizontal": 16,
            "paddingVertical": 8,
          },
          Object {
            "flex": 1,
            "paddingHorizontal": 0,
          },
        ]
      }
    >
      <Text>
        "This is a very long payload to be sure that we have more than 100 characters to explore all the bra...
      </Text>
      <View
        style={
          Object {
            "alignItems": "flex-end",
          }
        }
      >
        <ViewMoreButton
          onPress={[Function]}
        />
      </View>
    </View>
  </View>
</View>
`;

exports[`Status test suite should render properly redux action 1`] = `
<View
  style={
    Object {
      "flex": 1,
      "width": "100%",
    }
  }
>
  <View
    style={
      Array [
        Object {
          "alignItems": "center",
          "flexDirection": "row",
          "marginBottom": 10,
          "paddingHorizontal": 16,
        },
      ]
    }
  >
    <Title
      style={
        Array [
          Object {
            "marginRight": 6,
          },
          Object {
            "color": "#F9FAFB",
          },
        ]
      }
    >
      REDUX
    </Title>
    <View
      style={
        Array [
          Object {
            "borderRadius": 4,
            "fontSize": 12,
            "height": 22,
            "justifyContent": "center",
            "width": 30,
          },
          Object {
            "backgroundColor": "#764ABC",
          },
          Object {
            "paddingHorizontal": 8,
          },
        ]
      }
      testID="statusCodeColor"
    >
      <Icon
        color="#F9FAFB"
        name="redux"
        size={12}
      />
    </View>
  </View>
  <View
    style={
      Array [
        Object {
          "alignItems": "center",
          "flexDirection": "row",
          "marginBottom": 10,
          "paddingHorizontal": 16,
        },
      ]
    }
  >
    <Text
      style={
        Object {
          "color": "#6B7280",
        }
      }
    >
      Started at : 
    </Text>
    <Text>
      01/01/1970 - 00:00:00
    </Text>
  </View>
  <Subheading
    style={
      Array [
        Object {
          "marginBottom": 10,
          "paddingHorizontal": 16,
          "paddingVertical": 8,
        },
        Object {
          "backgroundColor": "#374151",
          "color": "#F9FAFB",
        },
      ]
    }
  >
    Content
  </Subheading>
  <View
    style={
      Array [
        Object {
          "alignItems": "center",
          "flexDirection": "row",
          "marginBottom": 10,
          "paddingHorizontal": 16,
        },
      ]
    }
  >
    <Text
      style={
        Object {
          "color": "#6B7280",
        }
      }
    >
      Type
    </Text>
  </View>
  <View
    style={
      Array [
        Object {
          "alignItems": "center",
          "flexDirection": "row",
          "marginBottom": 10,
          "paddingHorizontal": 16,
        },
      ]
    }
  >
    <Text>
      __ERROR:UNDEFINED__
    </Text>
  </View>
  <View
    style={
      Array [
        Object {
          "alignItems": "center",
          "flexDirection": "row",
          "marginBottom": 10,
          "paddingHorizontal": 16,
        },
      ]
    }
  >
    <Text
      style={
        Object {
          "color": "#6B7280",
        }
      }
    >
      __ERROR:UNDEFINED__ :
    </Text>
  </View>
  <View
    style={
      Array [
        Object {
          "alignItems": "center",
          "flexDirection": "row",
          "marginBottom": 10,
          "paddingHorizontal": 16,
        },
      ]
    }
  >
    <View
      style={
        Array [
          Object {
            "justifyContent": "flex-start",
            "paddingHorizontal": 16,
            "paddingVertical": 8,
          },
          Object {
            "flex": 1,
            "paddingHorizontal": 0,
          },
        ]
      }
    >
      <Text>
        "This is a very long payload to be sure that we have more than 100 characters to explore all the bra...
      </Text>
      <View
        style={
          Object {
            "alignItems": "flex-end",
          }
        }
      >
        <ViewMoreButton
          onPress={[Function]}
        />
      </View>
    </View>
  </View>
</View>
`;
