// Jest Snapshot v1, https://goo.gl/fbAQLP

exports[`Details test suite should render Redux action properly & press copybutton 1`] = `
<Component
  style={
    Object {
      "height": "100%",
      "left": 0,
      "position": "absolute",
      "top": 0,
      "width": "100%",
    }
  }
>
  <ForwardRef(withTheme(Appbar.Header))
    style={
      Array [
        Object {
          "elevation": 0,
          "shadowOffset": Object {
            "height": 0,
            "width": 0,
          },
          "shadowOpacity": 0,
        },
        Object {
          "backgroundColor": "#111827",
        },
      ]
    }
  >
    <ForwardRef
      onPress={[Function]}
      style={
        Array [
          Object {
            "alignItems": "center",
            "borderLeftWidth": 1,
            "height": 56,
            "justifyContent": "center",
            "width": 56,
          },
          Object {
            "borderLeftWidth": 0,
          },
        ]
      }
      testID="buttonBackToMainScreen"
    >
      <Icon
        allowFontScaling={false}
        color="#FFF"
        name="arrow-left"
        size={24}
      />
    </ForwardRef>
    <ForwardRef(withTheme(Appbar.Content))
      color="#06B6D4"
      title="Netwatch"
      titleStyle={
        Object {
          "fontSize": 18,
        }
      }
    />
    <ForwardRef
      onPress={[Function]}
      style={
        Array [
          Object {
            "alignItems": "center",
            "borderLeftWidth": 1,
            "height": 56,
            "justifyContent": "center",
            "width": 56,
          },
          Object {
            "borderLeftWidth": 0,
          },
        ]
      }
      testID="buttonShare"
    >
      <Icon
        allowFontScaling={false}
        color="#FFF"
        name="download"
        size={24}
      />
    </ForwardRef>
  </ForwardRef(withTheme(Appbar.Header))>
  <Component
    contentContainerStyle={
      Object {
        "paddingBottom": 20,
        "paddingTop": 26,
      }
    }
    style={
      Object {
        "backgroundColor": "#1F2937",
      }
    }
  >
    <Component
      style={
        Object {
          "flex": 1,
          "width": "100%",
        }
      }
    >
      <Component
        style={
          Array [
            Object {
              "alignItems": "center",
              "flexDirection": "row",
              "marginBottom": 10,
              "paddingHorizontal": 16,
            },
          ]
        }
      >
        <Title
          style={
            Array [
              Object {
                "marginRight": 6,
              },
              Object {
                "color": "#F9FAFB",
              },
            ]
          }
        >
          REDUX
        </Title>
        <Component
          style={
            Array [
              Object {
                "borderRadius": 4,
                "fontSize": 12,
                "height": 22,
                "justifyContent": "center",
                "width": 30,
              },
              Object {
                "backgroundColor": "#764ABC",
              },
              Object {
                "paddingHorizontal": 8,
              },
            ]
          }
          testID="statusCodeColor"
        >
          <Icon
            allowFontScaling={false}
            color="#F9FAFB"
            name="redux"
            size={12}
          />
        </Component>
      </Component>
      <Component
        style={
          Array [
            Object {
              "alignItems": "center",
              "flexDirection": "row",
              "marginBottom": 10,
              "paddingHorizontal": 16,
            },
          ]
        }
      >
        <Text
          style={
            Object {
              "color": "#6B7280",
            }
          }
        >
          Started at : 
        </Text>
        <Text>
          01/01/1970 - 00:00:00
        </Text>
      </Component>
      <Subheading
        style={
          Array [
            Object {
              "marginBottom": 10,
              "paddingHorizontal": 16,
              "paddingVertical": 8,
            },
            Object {
              "backgroundColor": "#374151",
              "color": "#F9FAFB",
            },
          ]
        }
      >
        Content
      </Subheading>
      <Component
        style={
          Array [
            Object {
              "alignItems": "center",
              "flexDirection": "row",
              "marginBottom": 10,
              "paddingHorizontal": 16,
            },
          ]
        }
      >
        <Text
          style={
            Object {
              "color": "#6B7280",
            }
          }
        >
          Type : 
        </Text>
        <Text>
          __ERROR:UNDEFINED__
        </Text>
      </Component>
      <Component
        style={
          Array [
            Object {
              "alignItems": "center",
              "flexDirection": "row",
              "marginBottom": 10,
              "paddingHorizontal": 16,
            },
          ]
        }
      >
        <Text
          style={
            Object {
              "color": "#6B7280",
            }
          }
        >
          Payload : 
        </Text>
        <Text />
      </Component>
    </Component>
  </Component>
</Component>
`;

exports[`Details test suite should render Redux action properly & press sharebutton 1`] = `
<Component
  style={
    Object {
      "height": "100%",
      "left": 0,
      "position": "absolute",
      "top": 0,
      "width": "100%",
    }
  }
>
  <ForwardRef(withTheme(Appbar.Header))
    style={
      Array [
        Object {
          "elevation": 0,
          "shadowOffset": Object {
            "height": 0,
            "width": 0,
          },
          "shadowOpacity": 0,
        },
        Object {
          "backgroundColor": "#111827",
        },
      ]
    }
  >
    <ForwardRef
      onPress={[Function]}
      style={
        Array [
          Object {
            "alignItems": "center",
            "borderLeftWidth": 1,
            "height": 56,
            "justifyContent": "center",
            "width": 56,
          },
          Object {
            "borderLeftWidth": 0,
          },
        ]
      }
      testID="buttonBackToMainScreen"
    >
      <Icon
        allowFontScaling={false}
        color="#FFF"
        name="arrow-left"
        size={24}
      />
    </ForwardRef>
    <ForwardRef(withTheme(Appbar.Content))
      color="#06B6D4"
      title="Netwatch"
      titleStyle={
        Object {
          "fontSize": 18,
        }
      }
    />
    <ForwardRef
      onPress={[Function]}
      style={
        Array [
          Object {
            "alignItems": "center",
            "borderLeftWidth": 1,
            "height": 56,
            "justifyContent": "center",
            "width": 56,
          },
          Object {
            "borderLeftWidth": 0,
          },
        ]
      }
      testID="buttonShare"
    >
      <Icon
        allowFontScaling={false}
        color="#FFF"
        name="download"
        size={24}
      />
    </ForwardRef>
  </ForwardRef(withTheme(Appbar.Header))>
  <Component
    contentContainerStyle={
      Object {
        "paddingBottom": 20,
        "paddingTop": 26,
      }
    }
    style={
      Object {
        "backgroundColor": "#1F2937",
      }
    }
  >
    <Component
      style={
        Object {
          "flex": 1,
          "width": "100%",
        }
      }
    >
      <Component
        style={
          Array [
            Object {
              "alignItems": "center",
              "flexDirection": "row",
              "marginBottom": 10,
              "paddingHorizontal": 16,
            },
          ]
        }
      >
        <Title
          style={
            Array [
              Object {
                "marginRight": 6,
              },
              Object {
                "color": "#F9FAFB",
              },
            ]
          }
        >
          REDUX
        </Title>
        <Component
          style={
            Array [
              Object {
                "borderRadius": 4,
                "fontSize": 12,
                "height": 22,
                "justifyContent": "center",
                "width": 30,
              },
              Object {
                "backgroundColor": "#764ABC",
              },
              Object {
                "paddingHorizontal": 8,
              },
            ]
          }
          testID="statusCodeColor"
        >
          <Icon
            allowFontScaling={false}
            color="#F9FAFB"
            name="redux"
            size={12}
          />
        </Component>
      </Component>
      <Component
        style={
          Array [
            Object {
              "alignItems": "center",
              "flexDirection": "row",
              "marginBottom": 10,
              "paddingHorizontal": 16,
            },
          ]
        }
      >
        <Text
          style={
            Object {
              "color": "#6B7280",
            }
          }
        >
          Started at : 
        </Text>
        <Text>
          01/01/1970 - 00:00:00
        </Text>
      </Component>
      <Subheading
        style={
          Array [
            Object {
              "marginBottom": 10,
              "paddingHorizontal": 16,
              "paddingVertical": 8,
            },
            Object {
              "backgroundColor": "#374151",
              "color": "#F9FAFB",
            },
          ]
        }
      >
        Content
      </Subheading>
      <Component
        style={
          Array [
            Object {
              "alignItems": "center",
              "flexDirection": "row",
              "marginBottom": 10,
              "paddingHorizontal": 16,
            },
          ]
        }
      >
        <Text
          style={
            Object {
              "color": "#6B7280",
            }
          }
        >
          Type : 
        </Text>
        <Text>
          __ERROR:UNDEFINED__
        </Text>
      </Component>
      <Component
        style={
          Array [
            Object {
              "alignItems": "center",
              "flexDirection": "row",
              "marginBottom": 10,
              "paddingHorizontal": 16,
            },
          ]
        }
      >
        <Text
          style={
            Object {
              "color": "#6B7280",
            }
          }
        >
          Payload : 
        </Text>
        <Text />
      </Component>
    </Component>
  </Component>
</Component>
`;

exports[`Details test suite should render Redux action properly 1`] = `
<Component
  style={
    Object {
      "height": "100%",
      "left": 0,
      "position": "absolute",
      "top": 0,
      "width": "100%",
    }
  }
>
  <ForwardRef(withTheme(Appbar.Header))
    style={
      Array [
        Object {
          "elevation": 0,
          "shadowOffset": Object {
            "height": 0,
            "width": 0,
          },
          "shadowOpacity": 0,
        },
        Object {
          "backgroundColor": "#111827",
        },
      ]
    }
  >
    <ForwardRef
      onPress={[Function]}
      style={
        Array [
          Object {
            "alignItems": "center",
            "borderLeftWidth": 1,
            "height": 56,
            "justifyContent": "center",
            "width": 56,
          },
          Object {
            "borderLeftWidth": 0,
          },
        ]
      }
      testID="buttonBackToMainScreen"
    >
      <Icon
        allowFontScaling={false}
        color="#FFF"
        name="arrow-left"
        size={24}
      />
    </ForwardRef>
    <ForwardRef(withTheme(Appbar.Content))
      color="#06B6D4"
      title="Netwatch"
      titleStyle={
        Object {
          "fontSize": 18,
        }
      }
    />
    <ForwardRef
      onPress={[Function]}
      style={
        Array [
          Object {
            "alignItems": "center",
            "borderLeftWidth": 1,
            "height": 56,
            "justifyContent": "center",
            "width": 56,
          },
          Object {
            "borderLeftWidth": 0,
          },
        ]
      }
      testID="buttonShare"
    >
      <Icon
        allowFontScaling={false}
        color="#FFF"
        name="download"
        size={24}
      />
    </ForwardRef>
  </ForwardRef(withTheme(Appbar.Header))>
  <Component
    contentContainerStyle={
      Object {
        "paddingBottom": 20,
        "paddingTop": 26,
      }
    }
    style={
      Object {
        "backgroundColor": "#1F2937",
      }
    }
  >
    <Component
      style={
        Object {
          "flex": 1,
          "width": "100%",
        }
      }
    >
      <Component
        style={
          Array [
            Object {
              "alignItems": "center",
              "flexDirection": "row",
              "marginBottom": 10,
              "paddingHorizontal": 16,
            },
          ]
        }
      >
        <Title
          style={
            Array [
              Object {
                "marginRight": 6,
              },
              Object {
                "color": "#F9FAFB",
              },
            ]
          }
        >
          REDUX
        </Title>
        <Component
          style={
            Array [
              Object {
                "borderRadius": 4,
                "fontSize": 12,
                "height": 22,
                "justifyContent": "center",
                "width": 30,
              },
              Object {
                "backgroundColor": "#764ABC",
              },
              Object {
                "paddingHorizontal": 8,
              },
            ]
          }
          testID="statusCodeColor"
        >
          <Icon
            allowFontScaling={false}
            color="#F9FAFB"
            name="redux"
            size={12}
          />
        </Component>
      </Component>
      <Component
        style={
          Array [
            Object {
              "alignItems": "center",
              "flexDirection": "row",
              "marginBottom": 10,
              "paddingHorizontal": 16,
            },
          ]
        }
      >
        <Text
          style={
            Object {
              "color": "#6B7280",
            }
          }
        >
          Started at : 
        </Text>
        <Text>
          01/01/1970 - 00:00:00
        </Text>
      </Component>
      <Subheading
        style={
          Array [
            Object {
              "marginBottom": 10,
              "paddingHorizontal": 16,
              "paddingVertical": 8,
            },
            Object {
              "backgroundColor": "#374151",
              "color": "#F9FAFB",
            },
          ]
        }
      >
        Content
      </Subheading>
      <Component
        style={
          Array [
            Object {
              "alignItems": "center",
              "flexDirection": "row",
              "marginBottom": 10,
              "paddingHorizontal": 16,
            },
          ]
        }
      >
        <Text
          style={
            Object {
              "color": "#6B7280",
            }
          }
        >
          Type : 
        </Text>
        <Text>
          __ERROR:UNDEFINED__
        </Text>
      </Component>
      <Component
        style={
          Array [
            Object {
              "alignItems": "center",
              "flexDirection": "row",
              "marginBottom": 10,
              "paddingHorizontal": 16,
            },
          ]
        }
      >
        <Text
          style={
            Object {
              "color": "#6B7280",
            }
          }
        >
          Payload : 
        </Text>
        <Text />
      </Component>
    </Component>
  </Component>
</Component>
`;

exports[`Details test suite should render Request properly 1`] = `
<Component
  style={
    Object {
      "height": "100%",
      "left": 0,
      "position": "absolute",
      "top": 0,
      "width": "100%",
    }
  }
>
  <ForwardRef(withTheme(Appbar.Header))
    style={
      Array [
        Object {
          "elevation": 0,
          "shadowOffset": Object {
            "height": 0,
            "width": 0,
          },
          "shadowOpacity": 0,
        },
        Object {
          "backgroundColor": "#111827",
        },
      ]
    }
  >
    <ForwardRef
      onPress={[Function]}
      style={
        Array [
          Object {
            "alignItems": "center",
            "borderLeftWidth": 1,
            "height": 56,
            "justifyContent": "center",
            "width": 56,
          },
          Object {
            "borderLeftWidth": 0,
          },
        ]
      }
      testID="buttonBackToMainScreen"
    >
      <Icon
        allowFontScaling={false}
        color="#FFF"
        name="arrow-left"
        size={24}
      />
    </ForwardRef>
    <ForwardRef(withTheme(Appbar.Content))
      color="#06B6D4"
      title="Netwatch"
      titleStyle={
        Object {
          "fontSize": 18,
        }
      }
    />
    <ForwardRef
      onPress={[Function]}
      style={
        Array [
          Object {
            "alignItems": "center",
            "borderLeftWidth": 1,
            "height": 56,
            "justifyContent": "center",
            "width": 56,
          },
          Object {
            "borderLeftWidth": 0,
          },
        ]
      }
      testID="buttonShare"
    >
      <Icon
        allowFontScaling={false}
        color="#FFF"
        name="download"
        size={24}
      />
    </ForwardRef>
  </ForwardRef(withTheme(Appbar.Header))>
  <Component
    contentContainerStyle={
      Object {
        "paddingBottom": 20,
        "paddingTop": 26,
      }
    }
    style={
      Object {
        "backgroundColor": "#1F2937",
      }
    }
  >
    <Component
      style={
        Object {
          "flex": 1,
          "width": "100%",
        }
      }
    >
      <Component
        style={
          Array [
            Object {
              "alignItems": "center",
              "flexDirection": "row",
              "marginBottom": 10,
              "paddingHorizontal": 16,
            },
          ]
        }
      >
        <Title
          style={
            Array [
              Object {
                "marginRight": 6,
              },
              Object {
                "color": "#F9FAFB",
              },
            ]
          }
        >
          GET
        </Title>
        <Component
          style={
            Array [
              Object {
                "borderRadius": 4,
                "fontSize": 12,
                "height": 22,
                "justifyContent": "center",
                "width": 30,
              },
              Object {
                "backgroundColor": "#4D7C0F",
              },
            ]
          }
          testID="statusCodeColor"
        >
          <Text
            style={
              Object {
                "textAlign": "center",
              }
            }
            testID="statusCode-200"
          >
            200
          </Text>
        </Component>
      </Component>
      <Component
        style={
          Array [
            Object {
              "alignItems": "center",
              "flexDirection": "row",
              "marginBottom": 10,
              "paddingHorizontal": 16,
            },
          ]
        }
      >
        <Text
          style={
            Object {
              "color": "#6B7280",
            }
          }
        >
          Hostname : 
        </Text>
        <Text>
          run.mocky.io
        </Text>
      </Component>
      <Component
        style={
          Array [
            Object {
              "alignItems": "center",
              "flexDirection": "row",
              "marginBottom": 10,
              "paddingHorizontal": 16,
            },
          ]
        }
      >
        <Text
          style={
            Object {
              "color": "#6B7280",
            }
          }
        >
          Started at : 
        </Text>
        <Text>
          16/02/2021 - 12:12:54
        </Text>
      </Component>
      <Subheading
        style={
          Array [
            Object {
              "marginBottom": 10,
              "paddingHorizontal": 16,
              "paddingVertical": 8,
            },
            Object {
              "backgroundColor": "#374151",
              "color": "#F9FAFB",
            },
          ]
        }
      >
        Request Info
      </Subheading>
      <Component
        key="0"
        style={
          Object {
            "paddingHorizontal": 16,
          }
        }
      >
        <Component
          style={
            Object {
              "alignItems": "center",
              "flexDirection": "row",
              "justifyContent": "space-between",
              "marginBottom": 10,
            }
          }
        >
          <Text
            style={
              Array [
                Object {
                  "color": "#6B7280",
                },
              ]
            }
          >
            url
          </Text>
          <ForwardRef
            onPress={[Function]}
            style={
              Array [
                Object {
                  "alignItems": "center",
                  "borderLeftWidth": 0,
                  "flexDirection": "row",
                },
              ]
            }
            testID="buttonCopyToClipboard"
          >
            <Icon
              allowFontScaling={false}
              color="#06B6D4"
              name="clipboard-arrow-left-outline"
              size={14}
              testID="buttonCopyToClipBoard"
            />
            <Text
              style={
                Array [
                  Object {
                    "color": "#06B6D4",
                    "marginLeft": 6,
                  },
                ]
              }
            >
              Copy
            </Text>
          </ForwardRef>
        </Component>
        <Text
          style={
            Array [
              Object {
                "marginBottom": 10,
                "width": "100%",
              },
              Object {
                "color": "#F9FAFB",
              },
            ]
          }
        >
          https://run.mocky.io/v3/1a2d092a-42b2-4a89-a44f-267935dc13e9
        </Text>
      </Component>
      <Component
        key="1"
        style={
          Object {
            "paddingHorizontal": 16,
          }
        }
      >
        <Component
          style={
            Object {
              "alignItems": "center",
              "flexDirection": "row",
              "justifyContent": "space-between",
              "marginBottom": 10,
            }
          }
        >
          <Text
            style={
              Array [
                Object {
                  "color": "#6B7280",
                },
              ]
            }
          >
            responseURL
          </Text>
        </Component>
        <Text
          style={
            Array [
              Object {
                "marginBottom": 10,
                "width": "100%",
              },
              Object {
                "color": "#F9FAFB",
              },
            ]
          }
        >
          https://run.mocky.io/v3/1a2d092a-42b2-4a89-a44f-267935dc13e9
        </Text>
      </Component>
      <Subheading
        style={
          Array [
            Object {
              "marginBottom": 10,
              "paddingHorizontal": 16,
              "paddingVertical": 8,
            },
            Object {
              "backgroundColor": "#374151",
              "color": "#F9FAFB",
            },
          ]
        }
      >
        Request Headers
      </Subheading>
      <Subheading
        style={
          Array [
            Object {
              "marginBottom": 10,
              "paddingHorizontal": 16,
              "paddingVertical": 8,
            },
            Object {
              "backgroundColor": "#374151",
              "color": "#F9FAFB",
            },
          ]
        }
      >
        Request Data
      </Subheading>
      <Component
        style={
          Object {
            "justifyContent": "flex-start",
            "paddingHorizontal": 16,
            "paddingVertical": 8,
          }
        }
      >
        <Text>
          dataSent
        </Text>
      </Component>
      <Subheading
        style={
          Array [
            Object {
              "marginBottom": 10,
              "paddingHorizontal": 16,
              "paddingVertical": 8,
            },
            Object {
              "backgroundColor": "#374151",
              "color": "#F9FAFB",
            },
          ]
        }
      >
        Response Headers
      </Subheading>
      <Subheading
        style={
          Array [
            Object {
              "marginBottom": 10,
              "paddingHorizontal": 16,
              "paddingVertical": 8,
            },
            Object {
              "backgroundColor": "#374151",
              "color": "#F9FAFB",
            },
          ]
        }
      >
        Response Body
      </Subheading>
      <Component
        style={
          Object {
            "flexDirection": "row-reverse",
            "paddingHorizontal": 16,
          }
        }
      >
        <ForwardRef
          onPress={[Function]}
          style={
            Array [
              Object {
                "alignItems": "center",
                "borderLeftWidth": 0,
                "flexDirection": "row",
              },
            ]
          }
          testID="buttonCopyToClipboard"
        >
          <Icon
            allowFontScaling={false}
            color="#06B6D4"
            name="clipboard-arrow-left-outline"
            size={14}
            testID="buttonCopyToClipBoard"
          />
          <Text
            style={
              Array [
                Object {
                  "color": "#06B6D4",
                  "marginLeft": 6,
                },
              ]
            }
          >
            Copy
          </Text>
        </ForwardRef>
      </Component>
      <Component
        style={
          Object {
            "justifyContent": "flex-start",
            "paddingHorizontal": 16,
            "paddingVertical": 8,
          }
        }
      >
        <Text>
          response
        </Text>
      </Component>
    </Component>
  </Component>
</Component>
`;

exports[`Details test suite should render properly with request with headers 1`] = `
<Component
  style={
    Object {
      "height": "100%",
      "left": 0,
      "position": "absolute",
      "top": 0,
      "width": "100%",
    }
  }
>
  <ForwardRef(withTheme(Appbar.Header))
    style={
      Array [
        Object {
          "elevation": 0,
          "shadowOffset": Object {
            "height": 0,
            "width": 0,
          },
          "shadowOpacity": 0,
        },
        Object {
          "backgroundColor": "#111827",
        },
      ]
    }
  >
    <ForwardRef
      onPress={[Function]}
      style={
        Array [
          Object {
            "alignItems": "center",
            "borderLeftWidth": 1,
            "height": 56,
            "justifyContent": "center",
            "width": 56,
          },
          Object {
            "borderLeftWidth": 0,
          },
        ]
      }
      testID="buttonBackToMainScreen"
    >
      <Icon
        allowFontScaling={false}
        color="#FFF"
        name="arrow-left"
        size={24}
      />
    </ForwardRef>
    <ForwardRef(withTheme(Appbar.Content))
      color="#06B6D4"
      title="Netwatch"
      titleStyle={
        Object {
          "fontSize": 18,
        }
      }
    />
    <ForwardRef
      onPress={[Function]}
      style={
        Array [
          Object {
            "alignItems": "center",
            "borderLeftWidth": 1,
            "height": 56,
            "justifyContent": "center",
            "width": 56,
          },
          Object {
            "borderLeftWidth": 0,
          },
        ]
      }
      testID="buttonShare"
    >
      <Icon
        allowFontScaling={false}
        color="#FFF"
        name="download"
        size={24}
      />
    </ForwardRef>
  </ForwardRef(withTheme(Appbar.Header))>
  <Component
    contentContainerStyle={
      Object {
        "paddingBottom": 20,
        "paddingTop": 26,
      }
    }
    style={
      Object {
        "backgroundColor": "#1F2937",
      }
    }
  >
    <Component
      style={
        Object {
          "flex": 1,
          "width": "100%",
        }
      }
    >
      <Component
        style={
          Array [
            Object {
              "alignItems": "center",
              "flexDirection": "row",
              "marginBottom": 10,
              "paddingHorizontal": 16,
            },
          ]
        }
      >
        <Title
          style={
            Array [
              Object {
                "marginRight": 6,
              },
              Object {
                "color": "#F9FAFB",
              },
            ]
          }
        >
          GET
        </Title>
        <Component
          style={
            Array [
              Object {
                "borderRadius": 4,
                "fontSize": 12,
                "height": 22,
                "justifyContent": "center",
                "width": 30,
              },
              Object {
                "backgroundColor": "#4D7C0F",
              },
            ]
          }
          testID="statusCodeColor"
        >
          <Text
            style={
              Object {
                "textAlign": "center",
              }
            }
            testID="statusCode-200"
          >
            200
          </Text>
        </Component>
      </Component>
      <Component
        style={
          Array [
            Object {
              "alignItems": "center",
              "flexDirection": "row",
              "marginBottom": 10,
              "paddingHorizontal": 16,
            },
          ]
        }
      >
        <Text
          style={
            Object {
              "color": "#6B7280",
            }
          }
        >
          Hostname : 
        </Text>
        <Text>
          run.mocky.io
        </Text>
      </Component>
      <Component
        style={
          Array [
            Object {
              "alignItems": "center",
              "flexDirection": "row",
              "marginBottom": 10,
              "paddingHorizontal": 16,
            },
          ]
        }
      >
        <Text
          style={
            Object {
              "color": "#6B7280",
            }
          }
        >
          Started at : 
        </Text>
        <Text>
          16/02/2021 - 12:12:54
        </Text>
      </Component>
      <Subheading
        style={
          Array [
            Object {
              "marginBottom": 10,
              "paddingHorizontal": 16,
              "paddingVertical": 8,
            },
            Object {
              "backgroundColor": "#374151",
              "color": "#F9FAFB",
            },
          ]
        }
      >
        Request Info
      </Subheading>
      <Component
        key="0"
        style={
          Object {
            "paddingHorizontal": 16,
          }
        }
      >
        <Component
          style={
            Object {
              "alignItems": "center",
              "flexDirection": "row",
              "justifyContent": "space-between",
              "marginBottom": 10,
            }
          }
        >
          <Text
            style={
              Array [
                Object {
                  "color": "#6B7280",
                },
              ]
            }
          >
            url
          </Text>
          <ForwardRef
            onPress={[Function]}
            style={
              Array [
                Object {
                  "alignItems": "center",
                  "borderLeftWidth": 0,
                  "flexDirection": "row",
                },
              ]
            }
            testID="buttonCopyToClipboard"
          >
            <Icon
              allowFontScaling={false}
              color="#06B6D4"
              name="clipboard-arrow-left-outline"
              size={14}
              testID="buttonCopyToClipBoard"
            />
            <Text
              style={
                Array [
                  Object {
                    "color": "#06B6D4",
                    "marginLeft": 6,
                  },
                ]
              }
            >
              Copy
            </Text>
          </ForwardRef>
        </Component>
        <Text
          style={
            Array [
              Object {
                "marginBottom": 10,
                "width": "100%",
              },
              Object {
                "color": "#F9FAFB",
              },
            ]
          }
        >
          https://run.mocky.io/v3/1a2d092a-42b2-4a89-a44f-267935dc13e9
        </Text>
      </Component>
      <Component
        key="1"
        style={
          Object {
            "paddingHorizontal": 16,
          }
        }
      >
        <Component
          style={
            Object {
              "alignItems": "center",
              "flexDirection": "row",
              "justifyContent": "space-between",
              "marginBottom": 10,
            }
          }
        >
          <Text
            style={
              Array [
                Object {
                  "color": "#6B7280",
                },
              ]
            }
          >
            responseURL
          </Text>
        </Component>
        <Text
          style={
            Array [
              Object {
                "marginBottom": 10,
                "width": "100%",
              },
              Object {
                "color": "#F9FAFB",
              },
            ]
          }
        >
          https://run.mocky.io/v3/1a2d092a-42b2-4a89-a44f-267935dc13e9
        </Text>
      </Component>
      <Subheading
        style={
          Array [
            Object {
              "marginBottom": 10,
              "paddingHorizontal": 16,
              "paddingVertical": 8,
            },
            Object {
              "backgroundColor": "#374151",
              "color": "#F9FAFB",
            },
          ]
        }
      >
        Request Headers
      </Subheading>
      <Component
        key="0"
        style={
          Object {
            "paddingHorizontal": 16,
          }
        }
      >
        <Component
          style={
            Object {
              "alignItems": "center",
              "flexDirection": "row",
              "justifyContent": "space-between",
              "marginBottom": 10,
            }
          }
        >
          <Text
            style={
              Array [
                Object {
                  "color": "#6B7280",
                },
              ]
            }
          >
            Content-Type
          </Text>
        </Component>
        <Text
          style={
            Array [
              Object {
                "marginBottom": 10,
                "width": "100%",
              },
              Object {
                "color": "#F9FAFB",
              },
            ]
          }
        >
          application/json
        </Text>
      </Component>
      <Subheading
        style={
          Array [
            Object {
              "marginBottom": 10,
              "paddingHorizontal": 16,
              "paddingVertical": 8,
            },
            Object {
              "backgroundColor": "#374151",
              "color": "#F9FAFB",
            },
          ]
        }
      >
        Request Data
      </Subheading>
      <Component
        style={
          Object {
            "justifyContent": "flex-start",
            "paddingHorizontal": 16,
            "paddingVertical": 8,
          }
        }
      >
        <Text>
          dataSent
        </Text>
      </Component>
      <Subheading
        style={
          Array [
            Object {
              "marginBottom": 10,
              "paddingHorizontal": 16,
              "paddingVertical": 8,
            },
            Object {
              "backgroundColor": "#374151",
              "color": "#F9FAFB",
            },
          ]
        }
      >
        Response Headers
      </Subheading>
      <Component
        key="0"
        style={
          Object {
            "paddingHorizontal": 16,
          }
        }
      >
        <Component
          style={
            Object {
              "alignItems": "center",
              "flexDirection": "row",
              "justifyContent": "space-between",
              "marginBottom": 10,
            }
          }
        >
          <Text
            style={
              Array [
                Object {
                  "color": "#6B7280",
                },
              ]
            }
          >
            Content-Length
          </Text>
        </Component>
        <Text
          style={
            Array [
              Object {
                "marginBottom": 10,
                "width": "100%",
              },
              Object {
                "color": "#F9FAFB",
              },
            ]
          }
        >
          0
        </Text>
      </Component>
      <Component
        key="1"
        style={
          Object {
            "paddingHorizontal": 16,
          }
        }
      >
        <Component
          style={
            Object {
              "alignItems": "center",
              "flexDirection": "row",
              "justifyContent": "space-between",
              "marginBottom": 10,
            }
          }
        >
          <Text
            style={
              Array [
                Object {
                  "color": "#6B7280",
                },
              ]
            }
          >
            Content-Type
          </Text>
        </Component>
        <Text
          style={
            Array [
              Object {
                "marginBottom": 10,
                "width": "100%",
              },
              Object {
                "color": "#F9FAFB",
              },
            ]
          }
        >
          application/json; charset=UTF-8
        </Text>
      </Component>
      <Component
        key="2"
        style={
          Object {
            "paddingHorizontal": 16,
          }
        }
      >
        <Component
          style={
            Object {
              "alignItems": "center",
              "flexDirection": "row",
              "justifyContent": "space-between",
              "marginBottom": 10,
            }
          }
        >
          <Text
            style={
              Array [
                Object {
                  "color": "#6B7280",
                },
              ]
            }
          >
            Date
          </Text>
        </Component>
        <Text
          style={
            Array [
              Object {
                "marginBottom": 10,
                "width": "100%",
              },
              Object {
                "color": "#F9FAFB",
              },
            ]
          }
        >
          Tue, 16 Feb 2021 12:12:55 GMT
        </Text>
      </Component>
      <Component
        key="3"
        style={
          Object {
            "paddingHorizontal": 16,
          }
        }
      >
        <Component
          style={
            Object {
              "alignItems": "center",
              "flexDirection": "row",
              "justifyContent": "space-between",
              "marginBottom": 10,
            }
          }
        >
          <Text
            style={
              Array [
                Object {
                  "color": "#6B7280",
                },
              ]
            }
          >
            Sozu-Id
          </Text>
        </Component>
        <Text
          style={
            Array [
              Object {
                "marginBottom": 10,
                "width": "100%",
              },
              Object {
                "color": "#F9FAFB",
              },
            ]
          }
        >
          51989c0c-ebe7-4574-913d-443477875da7
        </Text>
      </Component>
      <Subheading
        style={
          Array [
            Object {
              "marginBottom": 10,
              "paddingHorizontal": 16,
              "paddingVertical": 8,
            },
            Object {
              "backgroundColor": "#374151",
              "color": "#F9FAFB",
            },
          ]
        }
      >
        Response Body
      </Subheading>
      <Component
        style={
          Object {
            "flexDirection": "row-reverse",
            "paddingHorizontal": 16,
          }
        }
      >
        <ForwardRef
          onPress={[Function]}
          style={
            Array [
              Object {
                "alignItems": "center",
                "borderLeftWidth": 0,
                "flexDirection": "row",
              },
            ]
          }
          testID="buttonCopyToClipboard"
        >
          <Icon
            allowFontScaling={false}
            color="#06B6D4"
            name="clipboard-arrow-left-outline"
            size={14}
            testID="buttonCopyToClipBoard"
          />
          <Text
            style={
              Array [
                Object {
                  "color": "#06B6D4",
                  "marginLeft": 6,
                },
              ]
            }
          >
            Copy
          </Text>
        </ForwardRef>
      </Component>
      <Component
        style={
          Object {
            "justifyContent": "flex-start",
            "paddingHorizontal": 16,
            "paddingVertical": 8,
          }
        }
      >
        <Text>
          response
        </Text>
      </Component>
    </Component>
  </Component>
</Component>
`;

exports[`Details test suite should render properly with request without headers & press backbutton 1`] = `
<Component
  style={
    Object {
      "height": "100%",
      "left": 0,
      "position": "absolute",
      "top": 0,
      "width": "100%",
    }
  }
>
  <ForwardRef(withTheme(Appbar.Header))
    style={
      Array [
        Object {
          "elevation": 0,
          "shadowOffset": Object {
            "height": 0,
            "width": 0,
          },
          "shadowOpacity": 0,
        },
        Object {
          "backgroundColor": "#111827",
        },
      ]
    }
  >
    <ForwardRef
      onPress={[Function]}
      style={
        Array [
          Object {
            "alignItems": "center",
            "borderLeftWidth": 1,
            "height": 56,
            "justifyContent": "center",
            "width": 56,
          },
          Object {
            "borderLeftWidth": 0,
          },
        ]
      }
      testID="buttonBackToMainScreen"
    >
      <Icon
        allowFontScaling={false}
        color="#FFF"
        name="arrow-left"
        size={24}
      />
    </ForwardRef>
    <ForwardRef(withTheme(Appbar.Content))
      color="#06B6D4"
      title="Netwatch"
      titleStyle={
        Object {
          "fontSize": 18,
        }
      }
    />
    <ForwardRef
      onPress={[Function]}
      style={
        Array [
          Object {
            "alignItems": "center",
            "borderLeftWidth": 1,
            "height": 56,
            "justifyContent": "center",
            "width": 56,
          },
          Object {
            "borderLeftWidth": 0,
          },
        ]
      }
      testID="buttonShare"
    >
      <Icon
        allowFontScaling={false}
        color="#FFF"
        name="download"
        size={24}
      />
    </ForwardRef>
  </ForwardRef(withTheme(Appbar.Header))>
  <Component
    contentContainerStyle={
      Object {
        "paddingBottom": 20,
        "paddingTop": 26,
      }
    }
    style={
      Object {
        "backgroundColor": "#1F2937",
      }
    }
  >
    <Component
      style={
        Object {
          "flex": 1,
          "width": "100%",
        }
      }
    >
      <Component
        style={
          Array [
            Object {
              "alignItems": "center",
              "flexDirection": "row",
              "marginBottom": 10,
              "paddingHorizontal": 16,
            },
          ]
        }
      >
        <Title
          style={
            Array [
              Object {
                "marginRight": 6,
              },
              Object {
                "color": "#F9FAFB",
              },
            ]
          }
        >
          GET
        </Title>
        <Component
          style={
            Array [
              Object {
                "borderRadius": 4,
                "fontSize": 12,
                "height": 22,
                "justifyContent": "center",
                "width": 30,
              },
              Object {
                "backgroundColor": "#4D7C0F",
              },
            ]
          }
          testID="statusCodeColor"
        >
          <Text
            style={
              Object {
                "textAlign": "center",
              }
            }
            testID="statusCode-200"
          >
            200
          </Text>
        </Component>
      </Component>
      <Component
        style={
          Array [
            Object {
              "alignItems": "center",
              "flexDirection": "row",
              "marginBottom": 10,
              "paddingHorizontal": 16,
            },
          ]
        }
      >
        <Text
          style={
            Object {
              "color": "#6B7280",
            }
          }
        >
          Hostname : 
        </Text>
        <Text>
          run.mocky.io
        </Text>
      </Component>
      <Component
        style={
          Array [
            Object {
              "alignItems": "center",
              "flexDirection": "row",
              "marginBottom": 10,
              "paddingHorizontal": 16,
            },
          ]
        }
      >
        <Text
          style={
            Object {
              "color": "#6B7280",
            }
          }
        >
          Started at : 
        </Text>
        <Text>
          16/02/2021 - 12:12:54
        </Text>
      </Component>
      <Subheading
        style={
          Array [
            Object {
              "marginBottom": 10,
              "paddingHorizontal": 16,
              "paddingVertical": 8,
            },
            Object {
              "backgroundColor": "#374151",
              "color": "#F9FAFB",
            },
          ]
        }
      >
        Request Info
      </Subheading>
      <Component
        key="0"
        style={
          Object {
            "paddingHorizontal": 16,
          }
        }
      >
        <Component
          style={
            Object {
              "alignItems": "center",
              "flexDirection": "row",
              "justifyContent": "space-between",
              "marginBottom": 10,
            }
          }
        >
          <Text
            style={
              Array [
                Object {
                  "color": "#6B7280",
                },
              ]
            }
          >
            url
          </Text>
          <ForwardRef
            onPress={[Function]}
            style={
              Array [
                Object {
                  "alignItems": "center",
                  "borderLeftWidth": 0,
                  "flexDirection": "row",
                },
              ]
            }
            testID="buttonCopyToClipboard"
          >
            <Icon
              allowFontScaling={false}
              color="#06B6D4"
              name="clipboard-arrow-left-outline"
              size={14}
              testID="buttonCopyToClipBoard"
            />
            <Text
              style={
                Array [
                  Object {
                    "color": "#06B6D4",
                    "marginLeft": 6,
                  },
                ]
              }
            >
              Copy
            </Text>
          </ForwardRef>
        </Component>
        <Text
          style={
            Array [
              Object {
                "marginBottom": 10,
                "width": "100%",
              },
              Object {
                "color": "#F9FAFB",
              },
            ]
          }
        >
          https://run.mocky.io/v3/1a2d092a-42b2-4a89-a44f-267935dc13e9
        </Text>
      </Component>
      <Component
        key="1"
        style={
          Object {
            "paddingHorizontal": 16,
          }
        }
      >
        <Component
          style={
            Object {
              "alignItems": "center",
              "flexDirection": "row",
              "justifyContent": "space-between",
              "marginBottom": 10,
            }
          }
        >
          <Text
            style={
              Array [
                Object {
                  "color": "#6B7280",
                },
              ]
            }
          >
            responseURL
          </Text>
        </Component>
        <Text
          style={
            Array [
              Object {
                "marginBottom": 10,
                "width": "100%",
              },
              Object {
                "color": "#F9FAFB",
              },
            ]
          }
        >
          https://run.mocky.io/v3/1a2d092a-42b2-4a89-a44f-267935dc13e9
        </Text>
      </Component>
      <Subheading
        style={
          Array [
            Object {
              "marginBottom": 10,
              "paddingHorizontal": 16,
              "paddingVertical": 8,
            },
            Object {
              "backgroundColor": "#374151",
              "color": "#F9FAFB",
            },
          ]
        }
      >
        Request Headers
      </Subheading>
      <Subheading
        style={
          Array [
            Object {
              "marginBottom": 10,
              "paddingHorizontal": 16,
              "paddingVertical": 8,
            },
            Object {
              "backgroundColor": "#374151",
              "color": "#F9FAFB",
            },
          ]
        }
      >
        Request Data
      </Subheading>
      <Component
        style={
          Object {
            "justifyContent": "flex-start",
            "paddingHorizontal": 16,
            "paddingVertical": 8,
          }
        }
      >
        <Text>
          dataSent
        </Text>
      </Component>
      <Subheading
        style={
          Array [
            Object {
              "marginBottom": 10,
              "paddingHorizontal": 16,
              "paddingVertical": 8,
            },
            Object {
              "backgroundColor": "#374151",
              "color": "#F9FAFB",
            },
          ]
        }
      >
        Response Headers
      </Subheading>
      <Subheading
        style={
          Array [
            Object {
              "marginBottom": 10,
              "paddingHorizontal": 16,
              "paddingVertical": 8,
            },
            Object {
              "backgroundColor": "#374151",
              "color": "#F9FAFB",
            },
          ]
        }
      >
        Response Body
      </Subheading>
      <Component
        style={
          Object {
            "flexDirection": "row-reverse",
            "paddingHorizontal": 16,
          }
        }
      >
        <ForwardRef
          onPress={[Function]}
          style={
            Array [
              Object {
                "alignItems": "center",
                "borderLeftWidth": 0,
                "flexDirection": "row",
              },
            ]
          }
          testID="buttonCopyToClipboard"
        >
          <Icon
            allowFontScaling={false}
            color="#06B6D4"
            name="clipboard-arrow-left-outline"
            size={14}
            testID="buttonCopyToClipBoard"
          />
          <Text
            style={
              Array [
                Object {
                  "color": "#06B6D4",
                  "marginLeft": 6,
                },
              ]
            }
          >
            Copy
          </Text>
        </ForwardRef>
      </Component>
      <Component
        style={
          Object {
            "justifyContent": "flex-start",
            "paddingHorizontal": 16,
            "paddingVertical": 8,
          }
        }
      >
        <Text>
          response
        </Text>
      </Component>
    </Component>
  </Component>
</Component>
`;

exports[`Details test suite should render properly with request without headers & press copybutton 1`] = `
<Component
  style={
    Object {
      "height": "100%",
      "left": 0,
      "position": "absolute",
      "top": 0,
      "width": "100%",
    }
  }
>
  <ForwardRef(withTheme(Appbar.Header))
    style={
      Array [
        Object {
          "elevation": 0,
          "shadowOffset": Object {
            "height": 0,
            "width": 0,
          },
          "shadowOpacity": 0,
        },
        Object {
          "backgroundColor": "#111827",
        },
      ]
    }
  >
    <ForwardRef
      onPress={[Function]}
      style={
        Array [
          Object {
            "alignItems": "center",
            "borderLeftWidth": 1,
            "height": 56,
            "justifyContent": "center",
            "width": 56,
          },
          Object {
            "borderLeftWidth": 0,
          },
        ]
      }
      testID="buttonBackToMainScreen"
    >
      <Icon
        allowFontScaling={false}
        color="#FFF"
        name="arrow-left"
        size={24}
      />
    </ForwardRef>
    <ForwardRef(withTheme(Appbar.Content))
      color="#06B6D4"
      title="Netwatch"
      titleStyle={
        Object {
          "fontSize": 18,
        }
      }
    />
    <ForwardRef
      onPress={[Function]}
      style={
        Array [
          Object {
            "alignItems": "center",
            "borderLeftWidth": 1,
            "height": 56,
            "justifyContent": "center",
            "width": 56,
          },
          Object {
            "borderLeftWidth": 0,
          },
        ]
      }
      testID="buttonShare"
    >
      <Icon
        allowFontScaling={false}
        color="#FFF"
        name="download"
        size={24}
      />
    </ForwardRef>
  </ForwardRef(withTheme(Appbar.Header))>
  <Component
    contentContainerStyle={
      Object {
        "paddingBottom": 20,
        "paddingTop": 26,
      }
    }
    style={
      Object {
        "backgroundColor": "#1F2937",
      }
    }
  >
    <Component
      style={
        Object {
          "flex": 1,
          "width": "100%",
        }
      }
    >
      <Component
        style={
          Array [
            Object {
              "alignItems": "center",
              "flexDirection": "row",
              "marginBottom": 10,
              "paddingHorizontal": 16,
            },
          ]
        }
      >
        <Title
          style={
            Array [
              Object {
                "marginRight": 6,
              },
              Object {
                "color": "#F9FAFB",
              },
            ]
          }
        >
          GET
        </Title>
        <Component
          style={
            Array [
              Object {
                "borderRadius": 4,
                "fontSize": 12,
                "height": 22,
                "justifyContent": "center",
                "width": 30,
              },
              Object {
                "backgroundColor": "#4D7C0F",
              },
            ]
          }
          testID="statusCodeColor"
        >
          <Text
            style={
              Object {
                "textAlign": "center",
              }
            }
            testID="statusCode-200"
          >
            200
          </Text>
        </Component>
      </Component>
      <Component
        style={
          Array [
            Object {
              "alignItems": "center",
              "flexDirection": "row",
              "marginBottom": 10,
              "paddingHorizontal": 16,
            },
          ]
        }
      >
        <Text
          style={
            Object {
              "color": "#6B7280",
            }
          }
        >
          Hostname : 
        </Text>
        <Text>
          run.mocky.io
        </Text>
      </Component>
      <Component
        style={
          Array [
            Object {
              "alignItems": "center",
              "flexDirection": "row",
              "marginBottom": 10,
              "paddingHorizontal": 16,
            },
          ]
        }
      >
        <Text
          style={
            Object {
              "color": "#6B7280",
            }
          }
        >
          Started at : 
        </Text>
        <Text>
          16/02/2021 - 12:12:54
        </Text>
      </Component>
      <Subheading
        style={
          Array [
            Object {
              "marginBottom": 10,
              "paddingHorizontal": 16,
              "paddingVertical": 8,
            },
            Object {
              "backgroundColor": "#374151",
              "color": "#F9FAFB",
            },
          ]
        }
      >
        Request Info
      </Subheading>
      <Component
        key="0"
        style={
          Object {
            "paddingHorizontal": 16,
          }
        }
      >
        <Component
          style={
            Object {
              "alignItems": "center",
              "flexDirection": "row",
              "justifyContent": "space-between",
              "marginBottom": 10,
            }
          }
        >
          <Text
            style={
              Array [
                Object {
                  "color": "#6B7280",
                },
              ]
            }
          >
            url
          </Text>
          <ForwardRef
            onPress={[Function]}
            style={
              Array [
                Object {
                  "alignItems": "center",
                  "borderLeftWidth": 0,
                  "flexDirection": "row",
                },
              ]
            }
            testID="buttonCopyToClipboard"
          >
            <Icon
              allowFontScaling={false}
              color="#06B6D4"
              name="clipboard-arrow-left-outline"
              size={14}
              testID="buttonCopyToClipBoard"
            />
            <Text
              style={
                Array [
                  Object {
                    "color": "#06B6D4",
                    "marginLeft": 6,
                  },
                ]
              }
            >
              Copy
            </Text>
          </ForwardRef>
        </Component>
        <Text
          style={
            Array [
              Object {
                "marginBottom": 10,
                "width": "100%",
              },
              Object {
                "color": "#F9FAFB",
              },
            ]
          }
        >
          https://run.mocky.io/v3/1a2d092a-42b2-4a89-a44f-267935dc13e9
        </Text>
      </Component>
      <Component
        key="1"
        style={
          Object {
            "paddingHorizontal": 16,
          }
        }
      >
        <Component
          style={
            Object {
              "alignItems": "center",
              "flexDirection": "row",
              "justifyContent": "space-between",
              "marginBottom": 10,
            }
          }
        >
          <Text
            style={
              Array [
                Object {
                  "color": "#6B7280",
                },
              ]
            }
          >
            responseURL
          </Text>
        </Component>
        <Text
          style={
            Array [
              Object {
                "marginBottom": 10,
                "width": "100%",
              },
              Object {
                "color": "#F9FAFB",
              },
            ]
          }
        >
          https://run.mocky.io/v3/1a2d092a-42b2-4a89-a44f-267935dc13e9
        </Text>
      </Component>
      <Subheading
        style={
          Array [
            Object {
              "marginBottom": 10,
              "paddingHorizontal": 16,
              "paddingVertical": 8,
            },
            Object {
              "backgroundColor": "#374151",
              "color": "#F9FAFB",
            },
          ]
        }
      >
        Request Headers
      </Subheading>
      <Subheading
        style={
          Array [
            Object {
              "marginBottom": 10,
              "paddingHorizontal": 16,
              "paddingVertical": 8,
            },
            Object {
              "backgroundColor": "#374151",
              "color": "#F9FAFB",
            },
          ]
        }
      >
        Request Data
      </Subheading>
      <Component
        style={
          Object {
            "justifyContent": "flex-start",
            "paddingHorizontal": 16,
            "paddingVertical": 8,
          }
        }
      >
        <Text>
          dataSent
        </Text>
      </Component>
      <Subheading
        style={
          Array [
            Object {
              "marginBottom": 10,
              "paddingHorizontal": 16,
              "paddingVertical": 8,
            },
            Object {
              "backgroundColor": "#374151",
              "color": "#F9FAFB",
            },
          ]
        }
      >
        Response Headers
      </Subheading>
      <Subheading
        style={
          Array [
            Object {
              "marginBottom": 10,
              "paddingHorizontal": 16,
              "paddingVertical": 8,
            },
            Object {
              "backgroundColor": "#374151",
              "color": "#F9FAFB",
            },
          ]
        }
      >
        Response Body
      </Subheading>
      <Component
        style={
          Object {
            "flexDirection": "row-reverse",
            "paddingHorizontal": 16,
          }
        }
      >
        <ForwardRef
          onPress={[Function]}
          style={
            Array [
              Object {
                "alignItems": "center",
                "borderLeftWidth": 0,
                "flexDirection": "row",
              },
            ]
          }
          testID="buttonCopyToClipboard"
        >
          <Icon
            allowFontScaling={false}
            color="#06B6D4"
            name="clipboard-arrow-left-outline"
            size={14}
            testID="buttonCopyToClipBoard"
          />
          <Text
            style={
              Array [
                Object {
                  "color": "#06B6D4",
                  "marginLeft": 6,
                },
              ]
            }
          >
            Copy
          </Text>
        </ForwardRef>
      </Component>
      <Component
        style={
          Object {
            "justifyContent": "flex-start",
            "paddingHorizontal": 16,
            "paddingVertical": 8,
          }
        }
      >
        <Text>
          response
        </Text>
      </Component>
    </Component>
  </Component>
</Component>
`;

exports[`Details test suite should render properly with request without headers & press sharebutton 1`] = `
<Component
  style={
    Object {
      "height": "100%",
      "left": 0,
      "position": "absolute",
      "top": 0,
      "width": "100%",
    }
  }
>
  <ForwardRef(withTheme(Appbar.Header))
    style={
      Array [
        Object {
          "elevation": 0,
          "shadowOffset": Object {
            "height": 0,
            "width": 0,
          },
          "shadowOpacity": 0,
        },
        Object {
          "backgroundColor": "#111827",
        },
      ]
    }
  >
    <ForwardRef
      onPress={[Function]}
      style={
        Array [
          Object {
            "alignItems": "center",
            "borderLeftWidth": 1,
            "height": 56,
            "justifyContent": "center",
            "width": 56,
          },
          Object {
            "borderLeftWidth": 0,
          },
        ]
      }
      testID="buttonBackToMainScreen"
    >
      <Icon
        allowFontScaling={false}
        color="#FFF"
        name="arrow-left"
        size={24}
      />
    </ForwardRef>
    <ForwardRef(withTheme(Appbar.Content))
      color="#06B6D4"
      title="Netwatch"
      titleStyle={
        Object {
          "fontSize": 18,
        }
      }
    />
    <ForwardRef
      onPress={[Function]}
      style={
        Array [
          Object {
            "alignItems": "center",
            "borderLeftWidth": 1,
            "height": 56,
            "justifyContent": "center",
            "width": 56,
          },
          Object {
            "borderLeftWidth": 0,
          },
        ]
      }
      testID="buttonShare"
    >
      <Icon
        allowFontScaling={false}
        color="#FFF"
        name="download"
        size={24}
      />
    </ForwardRef>
  </ForwardRef(withTheme(Appbar.Header))>
  <Component
    contentContainerStyle={
      Object {
        "paddingBottom": 20,
        "paddingTop": 26,
      }
    }
    style={
      Object {
        "backgroundColor": "#1F2937",
      }
    }
  >
    <Component
      style={
        Object {
          "flex": 1,
          "width": "100%",
        }
      }
    >
      <Component
        style={
          Array [
            Object {
              "alignItems": "center",
              "flexDirection": "row",
              "marginBottom": 10,
              "paddingHorizontal": 16,
            },
          ]
        }
      >
        <Title
          style={
            Array [
              Object {
                "marginRight": 6,
              },
              Object {
                "color": "#F9FAFB",
              },
            ]
          }
        >
          GET
        </Title>
        <Component
          style={
            Array [
              Object {
                "borderRadius": 4,
                "fontSize": 12,
                "height": 22,
                "justifyContent": "center",
                "width": 30,
              },
              Object {
                "backgroundColor": "#4D7C0F",
              },
            ]
          }
          testID="statusCodeColor"
        >
          <Text
            style={
              Object {
                "textAlign": "center",
              }
            }
            testID="statusCode-200"
          >
            200
          </Text>
        </Component>
      </Component>
      <Component
        style={
          Array [
            Object {
              "alignItems": "center",
              "flexDirection": "row",
              "marginBottom": 10,
              "paddingHorizontal": 16,
            },
          ]
        }
      >
        <Text
          style={
            Object {
              "color": "#6B7280",
            }
          }
        >
          Hostname : 
        </Text>
        <Text>
          run.mocky.io
        </Text>
      </Component>
      <Component
        style={
          Array [
            Object {
              "alignItems": "center",
              "flexDirection": "row",
              "marginBottom": 10,
              "paddingHorizontal": 16,
            },
          ]
        }
      >
        <Text
          style={
            Object {
              "color": "#6B7280",
            }
          }
        >
          Started at : 
        </Text>
        <Text>
          16/02/2021 - 12:12:54
        </Text>
      </Component>
      <Subheading
        style={
          Array [
            Object {
              "marginBottom": 10,
              "paddingHorizontal": 16,
              "paddingVertical": 8,
            },
            Object {
              "backgroundColor": "#374151",
              "color": "#F9FAFB",
            },
          ]
        }
      >
        Request Info
      </Subheading>
      <Component
        key="0"
        style={
          Object {
            "paddingHorizontal": 16,
          }
        }
      >
        <Component
          style={
            Object {
              "alignItems": "center",
              "flexDirection": "row",
              "justifyContent": "space-between",
              "marginBottom": 10,
            }
          }
        >
          <Text
            style={
              Array [
                Object {
                  "color": "#6B7280",
                },
              ]
            }
          >
            url
          </Text>
          <ForwardRef
            onPress={[Function]}
            style={
              Array [
                Object {
                  "alignItems": "center",
                  "borderLeftWidth": 0,
                  "flexDirection": "row",
                },
              ]
            }
            testID="buttonCopyToClipboard"
          >
            <Icon
              allowFontScaling={false}
              color="#06B6D4"
              name="clipboard-arrow-left-outline"
              size={14}
              testID="buttonCopyToClipBoard"
            />
            <Text
              style={
                Array [
                  Object {
                    "color": "#06B6D4",
                    "marginLeft": 6,
                  },
                ]
              }
            >
              Copy
            </Text>
          </ForwardRef>
        </Component>
        <Text
          style={
            Array [
              Object {
                "marginBottom": 10,
                "width": "100%",
              },
              Object {
                "color": "#F9FAFB",
              },
            ]
          }
        >
          https://run.mocky.io/v3/1a2d092a-42b2-4a89-a44f-267935dc13e9
        </Text>
      </Component>
      <Component
        key="1"
        style={
          Object {
            "paddingHorizontal": 16,
          }
        }
      >
        <Component
          style={
            Object {
              "alignItems": "center",
              "flexDirection": "row",
              "justifyContent": "space-between",
              "marginBottom": 10,
            }
          }
        >
          <Text
            style={
              Array [
                Object {
                  "color": "#6B7280",
                },
              ]
            }
          >
            responseURL
          </Text>
        </Component>
        <Text
          style={
            Array [
              Object {
                "marginBottom": 10,
                "width": "100%",
              },
              Object {
                "color": "#F9FAFB",
              },
            ]
          }
        >
          https://run.mocky.io/v3/1a2d092a-42b2-4a89-a44f-267935dc13e9
        </Text>
      </Component>
      <Subheading
        style={
          Array [
            Object {
              "marginBottom": 10,
              "paddingHorizontal": 16,
              "paddingVertical": 8,
            },
            Object {
              "backgroundColor": "#374151",
              "color": "#F9FAFB",
            },
          ]
        }
      >
        Request Headers
      </Subheading>
      <Subheading
        style={
          Array [
            Object {
              "marginBottom": 10,
              "paddingHorizontal": 16,
              "paddingVertical": 8,
            },
            Object {
              "backgroundColor": "#374151",
              "color": "#F9FAFB",
            },
          ]
        }
      >
        Request Data
      </Subheading>
      <Component
        style={
          Object {
            "justifyContent": "flex-start",
            "paddingHorizontal": 16,
            "paddingVertical": 8,
          }
        }
      >
        <Text>
          dataSent
        </Text>
      </Component>
      <Subheading
        style={
          Array [
            Object {
              "marginBottom": 10,
              "paddingHorizontal": 16,
              "paddingVertical": 8,
            },
            Object {
              "backgroundColor": "#374151",
              "color": "#F9FAFB",
            },
          ]
        }
      >
        Response Headers
      </Subheading>
      <Subheading
        style={
          Array [
            Object {
              "marginBottom": 10,
              "paddingHorizontal": 16,
              "paddingVertical": 8,
            },
            Object {
              "backgroundColor": "#374151",
              "color": "#F9FAFB",
            },
          ]
        }
      >
        Response Body
      </Subheading>
      <Component
        style={
          Object {
            "flexDirection": "row-reverse",
            "paddingHorizontal": 16,
          }
        }
      >
        <ForwardRef
          onPress={[Function]}
          style={
            Array [
              Object {
                "alignItems": "center",
                "borderLeftWidth": 0,
                "flexDirection": "row",
              },
            ]
          }
          testID="buttonCopyToClipboard"
        >
          <Icon
            allowFontScaling={false}
            color="#06B6D4"
            name="clipboard-arrow-left-outline"
            size={14}
            testID="buttonCopyToClipBoard"
          />
          <Text
            style={
              Array [
                Object {
                  "color": "#06B6D4",
                  "marginLeft": 6,
                },
              ]
            }
          >
            Copy
          </Text>
        </ForwardRef>
      </Component>
      <Component
        style={
          Object {
            "justifyContent": "flex-start",
            "paddingHorizontal": 16,
            "paddingVertical": 8,
          }
        }
      >
        <Text>
          response
        </Text>
      </Component>
    </Component>
  </Component>
</Component>
`;
