// Jest Snapshot v1, https://goo.gl/fbAQLP

exports[`Details test suite Test Redux item should render Redux action properly 1`] = `
<Component
  style={
    Object {
      "height": "100%",
      "left": 0,
      "position": "absolute",
      "top": 0,
      "width": "100%",
    }
  }
>
  <ForwardRef(withTheme(Appbar.Header))
    style={
      Array [
        Object {
          "elevation": 0,
          "shadowOffset": Object {
            "height": 0,
            "width": 0,
          },
          "shadowOpacity": 0,
        },
        Object {
          "backgroundColor": "#111827",
        },
      ]
    }
  >
    <ForwardRef
      onPress={[Function]}
      style={
        Array [
          Object {
            "alignItems": "center",
            "borderLeftWidth": 1,
            "height": 56,
            "justifyContent": "center",
            "width": 56,
          },
          Object {
            "borderLeftWidth": 0,
          },
        ]
      }
      testID="buttonBackToMainScreen"
    >
      <Icon
        color="#F9FAFB"
        name="arrow-left"
        size={24}
      />
    </ForwardRef>
    <ForwardRef(withTheme(Appbar.Content))
      color="#06B6D4"
      title="Netwatch"
      titleStyle={
        Object {
          "fontSize": 18,
        }
      }
    />
    <ForwardRef
      onPress={[Function]}
      style={
        Array [
          Object {
            "alignItems": "center",
            "borderLeftWidth": 1,
            "height": 56,
            "justifyContent": "center",
            "width": 56,
          },
          Object {
            "borderLeftWidth": 0,
          },
        ]
      }
      testID="buttonShare"
    >
      <Icon
        color="#F9FAFB"
        name="download"
        size={24}
      />
    </ForwardRef>
  </ForwardRef(withTheme(Appbar.Header))>
  <Component
    contentContainerStyle={
      Object {
        "paddingBottom": 20,
        "paddingTop": 26,
      }
    }
    style={
      Object {
        "backgroundColor": "#1F2937",
      }
    }
  >
    <Component
      style={
        Object {
          "flex": 1,
          "width": "100%",
        }
      }
    >
      <Component
        style={
          Array [
            Object {
              "alignItems": "center",
              "flexDirection": "row",
              "marginBottom": 10,
              "paddingHorizontal": 16,
            },
          ]
        }
      >
        <Title
          style={
            Array [
              Object {
                "marginRight": 6,
              },
              Object {
                "color": "#F9FAFB",
              },
            ]
          }
        >
          REDUX
        </Title>
        <Component
          style={
            Array [
              Object {
                "borderRadius": 4,
                "fontSize": 12,
                "height": 22,
                "justifyContent": "center",
                "width": 30,
              },
              Object {
                "backgroundColor": "#764ABC",
              },
              Object {
                "paddingHorizontal": 8,
              },
            ]
          }
          testID="statusCodeColor"
        >
          <Icon
            allowFontScaling={false}
            color="#F9FAFB"
            name="redux"
            size={12}
          />
        </Component>
      </Component>
      <Component
        style={
          Array [
            Object {
              "alignItems": "center",
              "flexDirection": "row",
              "marginBottom": 10,
              "paddingHorizontal": 16,
            },
          ]
        }
      >
        <Text
          style={
            Object {
              "color": "#6B7280",
            }
          }
        >
          Started at : 
        </Text>
        <Text>
          01/01/1970 - 00:00:00
        </Text>
      </Component>
      <Subheading
        style={
          Array [
            Object {
              "marginBottom": 10,
              "paddingHorizontal": 16,
              "paddingVertical": 8,
            },
            Object {
              "backgroundColor": "#374151",
              "color": "#F9FAFB",
            },
          ]
        }
      >
        Content
      </Subheading>
      <Component
        style={
          Array [
            Object {
              "alignItems": "center",
              "flexDirection": "row",
              "marginBottom": 10,
              "paddingHorizontal": 16,
            },
          ]
        }
      >
        <Text
          style={
            Object {
              "color": "#6B7280",
            }
          }
        >
          Type : 
        </Text>
        <Text>
          __ERROR:UNDEFINED__
        </Text>
      </Component>
      <Component
        style={
          Array [
            Object {
              "alignItems": "center",
              "flexDirection": "row",
              "marginBottom": 10,
              "paddingHorizontal": 16,
            },
          ]
        }
      >
        <Text
          style={
            Object {
              "color": "#6B7280",
            }
          }
        >
          Action :
        </Text>
      </Component>
    </Component>
  </Component>
  <ForwardRef(withTheme(Snackbar))
    duration={3000}
    onDismiss={[Function]}
    style={
      Object {
        "backgroundColor": "#F9FAFB",
      }
    }
    theme={
      Object {
        "colors": Object {
          "surface": "#6B7280",
        },
      }
    }
    visible={false}
  />
</Component>
`;
