// Jest Snapshot v1, https://goo.gl/fbAQLP

exports[`Status test suite should render properly redux action 1`] = `
<Component
  style={
    Array [
      Object {
        "alignItems": "center",
        "height": 60,
        "justifyContent": "space-evenly",
        "padding": 6,
        "width": 60,
      },
    ]
  }
>
  <Text>
    REDUX
  </Text>
  <Component
    style={
      Array [
        Object {
          "borderRadius": 4,
          "fontSize": 12,
          "height": 22,
          "justifyContent": "center",
          "width": 30,
        },
        Object {
          "backgroundColor": "#764ABC",
        },
        Object {
          "paddingHorizontal": 8,
        },
      ]
    }
    testID="statusCodeColor"
  >
    <Icon
      allowFontScaling={false}
      color="#F9FAFB"
      name="redux"
      size={12}
    />
  </Component>
</Component>
`;

exports[`Status test suite should render properly request 1`] = `""`;

exports[`Status test suite should render properly request with method 1`] = `""`;

exports[`Status test suite should render properly request with method post and warning 1`] = `""`;
