// Jest Snapshot v1, https://goo.gl/fbAQLP

exports[`Status test suite should render Text properly 1`] = `
<Text
  style={
    Object {
      "text": Object {
        "color": "red",
      },
    }
  }
>
  Children text
</Text>
`;

exports[`Status test suite should render Title properly 1`] = `
<Text
  style={
    Object {
      "text": Object {
        "color": "red",
      },
    }
  }
>
  Children text
</Text>
`;

exports[`Status test suite should render Title properly 2`] = `
<Text
  style={
    Object {
      "text": Object {
        "color": "red",
      },
    }
  }
>
  Children text
</Text>
`;
